// Jest Snapshot v1, https://goo.gl/fbAQLP

exports[`Input Component testing should render Input component properly 1`] = `
<form
  className="input-form"
  onSubmit={[Function]}
>
  <input
    onChange={[Function]}
    type="text"
    value=""
  />
  <button
    type="submit"
  >
    add todo
  </button>
</form>
`;
