// Jest Snapshot v1, https://goo.gl/fbAQLP

exports[`App component testing \`then\` the form can be submitted when the form is submitted should render App component after deleting single todo 1`] = `
<div
  className="todo-application"
>
  <form
    className="input-form"
    onSubmit={[Function]}
  >
    <input
      onChange={[Function]}
      type="text"
      value=""
    />
    <button
      type="submit"
    >
      add todo
    </button>
  </form>
  <ul
    className="todos"
  />
</div>
`;

exports[`App component testing \`then\` the form can be submitted when the form is submitted should render App component with one todo item 1`] = `
<div
  className="todo-application"
>
  <form
    className="input-form"
    onSubmit={[Function]}
  >
    <input
      onChange={[Function]}
      type="text"
      value=""
    />
    <button
      type="submit"
    >
      add todo
    </button>
  </form>
  <ul
    className="todos"
  />
</div>
`;

exports[`App component testing should render App component properly 1`] = `
<div
  className="todo-application"
>
  <form
    className="input-form"
    onSubmit={[Function]}
  >
    <input
      onChange={[Function]}
      type="text"
      value=""
    />
    <button
      type="submit"
    >
      add todo
    </button>
  </form>
  <ul
    className="todos"
  />
</div>
`;
